[LOG] System::create                           : Header version = 2.02.32. Current version = 2.02.32.
[LOG] SystemI::setOutputInternal               : Setting output to 'FMOD WASAPI Output'
[LOG] Manager::init                            : maxchannels = 256 studioflags = 00000006 flags 00000000 extradriverdata 0000000000000000.
[LOG] SystemI::init                            : Initialize version=20232 (158527), maxchannels=256, flags=0x00020000
[LOG] OutputWASAPI::init                       : Mix Format (WAVEFORMATEX): wFormatTag=0xFFFE, nChannels=2, nSamplesPerSec=48000, nAvgBytesPerSec=384000, nBlockAlign=8, wBitsPerSample=32, cbSize=22.
[LOG] OutputWASAPI::init                       : Mix Format (WAVEFORMATEXTENSIBLE): wValidBitsPerSample=32, dwChannelMask=0x00000003, SubFormat=00000003-0000-0010-8000-00AA00389B71.
[LOG] OutputWASAPI::init                       : Output buffer size: 4096 samples, latency: 0.00ms, period: 10.00ms, DSP buffer: 1024 * 4
[LOG] Thread::initThread                       : Init FMOD stream thread. Affinity: 0x4000000000000003, Priority: 0xFFFF7FFB, Stack Size: 98304, Semaphore: No, Sleep Time: 10, Looping: Yes.
[LOG] Thread::initThread                       : Init FMOD mixer thread. Affinity: 0x4000000000000001, Priority: 0xFFFF7FFA, Stack Size: 81920, Semaphore: No, Sleep Time: 0, Looping: Yes.
[LOG] AsyncManager::init                       : manager 0000022E6D7DAF58 isAsync 0 updatePeriod 0.02
[LOG] AsyncManager::init                       : done
[LOG] PlaybackSystem::init                     : 
[LOG] Thread::initThread                       : Init FMOD Studio sample load thread. Affinity: 0x4000000000000003, Priority: 0xFFFF7FFD, Stack Size: 98304, Semaphore: No, Sleep Time: 1, Looping: No.
[LOG] PlaybackSystem::init                     : done
[LOG] Thread::initThread                       : Init FMOD Studio bank load thread. Affinity: 0x4000000000000003, Priority: 0xFFFF7FFD, Stack Size: 98304, Semaphore: No, Sleep Time: 1, Looping: No.
[LOG] Manager::init                            : done.
[LOG] Manager::readBank                        : fileversion = 142, compatVersion = 140 (oldest = 44, newest = 142)
[LOG] Manager::readBank                        : fileversion = 142, compatVersion = 140 (oldest = 44, newest = 142)
[LOG] PlaybackSystem::acquireMasterBus         : Setting master channel group format to 6
[LOG] SystemI::createSoundInternal             : Create name='', mode=0x02000202
[LOG] SystemI::createSoundInternal             : exinfo->cbsize             = 224
[LOG] SystemI::createSoundInternal             : exinfo->length             = 1150656
[LOG] SystemI::createSoundInternal             : exinfo->fileoffset         = 12352
[LOG] SystemI::createSoundInternal             : exinfo->numsubsounds       = 1
[LOG] SystemI::createSoundInternal             : exinfo->inclusionlist      = 0000003732E1EC98
[LOG] SystemI::createSoundInternal             : exinfo->inclusionlistnum   = 1
[LOG] SystemI::createSoundInternal             : exinfo->suggestedsoundtype = 5
[LOG] SystemI::createSoundInternal             : exinfo->useropen           = 00007FFC3DDE5C40
[LOG] SystemI::createSoundInternal             : exinfo->userclose          = 00007FFC3DDE5C00
[LOG] SystemI::createSoundInternal             : exinfo->userread           = 00007FFC3DDE5D20
[LOG] SystemI::createSoundInternal             : exinfo->userseek           = 00007FFC3DDE5DE0
[LOG] SystemI::createSoundInternal             : exinfo->fileuserdata       = 0000022E8432DDA8
[LOG] SystemI::createSoundInternal             : exinfo->initialseekpostype = 1
[LOG] SystemI::DSPCodecPoolRegister            : register codec pool for pool type 5
[LOG] SystemI::createSoundInternal             : Sample 0/1: name='pawnjump1', format=5, channels=2, frequency=48000, lengthbytes=3104, lengthpcm=12754, pcmblocksize=0, loopstart=0, loopend=0, mode=0x00000000, channelmask=0x00000000, channelorder=0, peakvolume=0.055023.
[LOG] SystemI::createSoundInternal             : Create name='', mode=0x02000202
[LOG] SystemI::createSoundInternal             : exinfo->cbsize             = 224
[LOG] SystemI::createSoundInternal             : exinfo->length             = 1150656
[LOG] SystemI::createSoundInternal             : exinfo->fileoffset         = 12352
[LOG] SystemI::createSoundInternal             : exinfo->numsubsounds       = 1
[LOG] SystemI::createSoundInternal             : exinfo->inclusionlist      = 0000003732E1EC98
[LOG] SystemI::createSoundInternal             : exinfo->inclusionlistnum   = 1
[LOG] SystemI::createSoundInternal             : exinfo->suggestedsoundtype = 5
[LOG] SystemI::createSoundInternal             : exinfo->useropen           = 00007FFC3DDE5C40
[LOG] SystemI::createSoundInternal             : exinfo->userclose          = 00007FFC3DDE5C00
[LOG] SystemI::createSoundInternal             : exinfo->userread           = 00007FFC3DDE5D20
[LOG] SystemI::createSoundInternal             : exinfo->userseek           = 00007FFC3DDE5DE0
[LOG] SystemI::createSoundInternal             : exinfo->fileuserdata       = 0000022E8432DDA8
[LOG] SystemI::createSoundInternal             : exinfo->initialseekpostype = 1
[LOG] SystemI::DSPCodecPoolRegister            : register codec pool for pool type 5
[LOG] SystemI::createSoundInternal             : Sample 0/1: name='pawnjump3', format=5, channels=2, frequency=48000, lengthbytes=3040, lengthpcm=12754, pcmblocksize=0, loopstart=0, loopend=0, mode=0x00000000, channelmask=0x00000000, channelorder=0, peakvolume=0.052307.
[LOG] SystemI::createSoundInternal             : Create name='', mode=0x02000202
[LOG] SystemI::createSoundInternal             : exinfo->cbsize             = 224
[LOG] SystemI::createSoundInternal             : exinfo->length             = 1150656
[LOG] SystemI::createSoundInternal             : exinfo->fileoffset         = 12352
[LOG] SystemI::createSoundInternal             : exinfo->numsubsounds       = 1
[LOG] SystemI::createSoundInternal             : exinfo->inclusionlist      = 0000003732E1EC98
[LOG] SystemI::createSoundInternal             : exinfo->inclusionlistnum   = 1
[LOG] SystemI::createSoundInternal             : exinfo->suggestedsoundtype = 5
[LOG] SystemI::createSoundInternal             : exinfo->useropen           = 00007FFC3DDE5C40
[LOG] SystemI::createSoundInternal             : exinfo->userclose          = 00007FFC3DDE5C00
[LOG] SystemI::createSoundInternal             : exinfo->userread           = 00007FFC3DDE5D20
[LOG] SystemI::createSoundInternal             : exinfo->userseek           = 00007FFC3DDE5DE0
[LOG] SystemI::createSoundInternal             : exinfo->fileuserdata       = 0000022E8432DDA8
[LOG] SystemI::createSoundInternal             : exinfo->initialseekpostype = 1
[LOG] SystemI::DSPCodecPoolRegister            : register codec pool for pool type 5
[LOG] SystemI::createSoundInternal             : Sample 0/1: name='pawnjump4', format=5, channels=2, frequency=48000, lengthbytes=3040, lengthpcm=12754, pcmblocksize=0, loopstart=0, loopend=0, mode=0x00000000, channelmask=0x00000000, channelorder=0, peakvolume=0.048492.
[LOG] SystemI::createSoundInternal             : Create name='', mode=0x02000202
[LOG] SystemI::createSoundInternal             : exinfo->cbsize             = 224
[LOG] SystemI::createSoundInternal             : exinfo->length             = 1150656
[LOG] SystemI::createSoundInternal             : exinfo->fileoffset         = 12352
[LOG] SystemI::createSoundInternal             : exinfo->numsubsounds       = 1
[LOG] SystemI::createSoundInternal             : exinfo->inclusionlist      = 0000003732E1EC98
[LOG] SystemI::createSoundInternal             : exinfo->inclusionlistnum   = 1
[LOG] SystemI::createSoundInternal             : exinfo->suggestedsoundtype = 5
[LOG] SystemI::createSoundInternal             : exinfo->useropen           = 00007FFC3DDE5C40
[LOG] SystemI::createSoundInternal             : exinfo->userclose          = 00007FFC3DDE5C00
[LOG] SystemI::createSoundInternal             : exinfo->userread           = 00007FFC3DDE5D20
[LOG] SystemI::createSoundInternal             : exinfo->userseek           = 00007FFC3DDE5DE0
[LOG] SystemI::createSoundInternal             : exinfo->fileuserdata       = 0000022E8432DDA8
[LOG] SystemI::createSoundInternal             : exinfo->initialseekpostype = 1
[LOG] SystemI::DSPCodecPoolRegister            : register codec pool for pool type 5
[LOG] SystemI::createSoundInternal             : Sample 0/1: name='pawnjump5', format=5, channels=2, frequency=48000, lengthbytes=3008, lengthpcm=12754, pcmblocksize=0, loopstart=0, loopend=0, mode=0x00000000, channelmask=0x00000000, channelorder=0, peakvolume=0.046967.
[LOG] SystemI::createSoundInternal             : Create name='', mode=0x02000202
[LOG] SystemI::createSoundInternal             : exinfo->cbsize             = 224
[LOG] SystemI::createSoundInternal             : exinfo->length             = 1150656
[LOG] SystemI::createSoundInternal             : exinfo->fileoffset         = 12352
[LOG] SystemI::createSoundInternal             : exinfo->numsubsounds       = 1
[LOG] SystemI::createSoundInternal             : exinfo->inclusionlist      = 0000003732E1EC98
[LOG] SystemI::createSoundInternal             : exinfo->inclusionlistnum   = 1
[LOG] SystemI::createSoundInternal             : exinfo->suggestedsoundtype = 5
[LOG] SystemI::createSoundInternal             : exinfo->useropen           = 00007FFC3DDE5C40
[LOG] SystemI::createSoundInternal             : exinfo->userclose          = 00007FFC3DDE5C00
[LOG] SystemI::createSoundInternal             : exinfo->userread           = 00007FFC3DDE5D20
[LOG] SystemI::createSoundInternal             : exinfo->userseek           = 00007FFC3DDE5DE0
[LOG] SystemI::createSoundInternal             : exinfo->fileuserdata       = 0000022E8432DDA8
[LOG] SystemI::createSoundInternal             : exinfo->initialseekpostype = 1
[LOG] SystemI::DSPCodecPoolRegister            : register codec pool for pool type 5
[LOG] SystemI::createSoundInternal             : Sample 0/1: name='pawnjump2', format=5, channels=2, frequency=48000, lengthbytes=3104, lengthpcm=12754, pcmblocksize=0, loopstart=0, loopend=0, mode=0x00000000, channelmask=0x00000000, channelorder=0, peakvolume=0.051971.
[LOG] SoundI::release                          :  (0000022E392D7938)
[LOG] SoundI::release                          :     pawnjump1 (0000022E6DDC1B08)
[LOG] SoundI::release                          :  (0000022E84259058)
[LOG] SoundI::release                          :     pawnjump2 (0000022E6DDC05E8)
[LOG] SoundI::release                          :  (0000022D3B324128)
[LOG] SoundI::release                          :     pawnjump3 (0000022E6DDC02A8)
[LOG] SoundI::release                          :  (0000022D3B324408)
[LOG] SoundI::release                          :     pawnjump4 (0000022E6DDC1CA8)
[LOG] SoundI::release                          :  (0000022D3B324578)
[LOG] SoundI::release                          :     pawnjump5 (0000022E6DDC2668)
[LOG] Thread::callback                         : FMOD Studio bank load thread finished.
[LOG] Thread::callback                         : FMOD Studio sample load thread finished.
[LOG] LiveUpdate::release                      : 
[LOG] LiveUpdate::reset                        : Reset connection (reason Disconnected)
[LOG] Thread::callback                         : FMOD stream thread finished.
[LOG] Thread::callback                         : FMOD mixer thread finished.
[LOG] SystemI::close                           : Closed.
